run-heavy: mem-cap=16G (cgroup, hard) jobs=16/20 avail=26298MiB :: env RAYON_NUM_THREADS=1 OMP_NUM_THREADS=1 /usr/bin/time -v taskset -c 2 /home/lilith/work/zen/zenmetrics/target/release/new-metrics-wall heap 3355x2516 ssim
heap 3355x2516/ssim rep0: 1725.653 ms score=0.9378330677831319
heap 3355x2516/ssim rep1: 1756.323 ms score=0.9378330677831319
	Command being timed: "taskset -c 2 /home/lilith/work/zen/zenmetrics/target/release/new-metrics-wall heap 3355x2516 ssim"
	User time (seconds): 2.52
	System time (seconds): 0.97
	Percent of CPU this job got: 99%
	Elapsed (wall clock) time (h:mm:ss or m:ss): 0:03.52
	Average shared text size (kbytes): 0
	Average unshared data size (kbytes): 0
	Average stack size (kbytes): 0
	Average total size (kbytes): 0
	Maximum resident set size (kbytes): 583336
	Average resident set size (kbytes): 0
	Major (requiring I/O) page faults: 0
	Minor (reclaiming a frame) page faults: 804295
	Voluntary context switches: 1
	Involuntary context switches: 589
	Swaps: 0
	File system inputs: 0
	File system outputs: 0
	Socket messages sent: 0
	Socket messages received: 0
	Signals delivered: 0
	Page size (bytes): 4096
	Exit status: 0
run-heavy: done rc=0 3s | peak-RSS 0.56GiB | min-avail 26003MiB | peak-load 2.98
