heap 3355x2516/vifvec rep0: 3363.586 ms score=0.6188657659454779
heap 3355x2516/vifvec rep1: 3397.059 ms score=0.6188657659454779
	Command being timed: "taskset -c 2 ./target/release/new-metrics-wall heap 3355x2516 vifvec"
	User time (seconds): 6.45
	System time (seconds): 0.34
	Percent of CPU this job got: 99%
	Elapsed (wall clock) time (h:mm:ss or m:ss): 0:06.79
	Average shared text size (kbytes): 0
	Average unshared data size (kbytes): 0
	Average stack size (kbytes): 0
	Average total size (kbytes): 0
	Maximum resident set size (kbytes): 592720
	Average resident set size (kbytes): 0
	Major (requiring I/O) page faults: 0
	Minor (reclaiming a frame) page faults: 329401
	Voluntary context switches: 7
	Involuntary context switches: 185
	Swaps: 0
	File system inputs: 0
	File system outputs: 8
	Socket messages sent: 0
	Socket messages received: 0
	Signals delivered: 0
	Page size (bytes): 4096
	Exit status: 0
