run-heavy: mem-cap=16G (cgroup, hard) jobs=16/20 avail=26476MiB :: env RAYON_NUM_THREADS=1 OMP_NUM_THREADS=1 /usr/bin/time -v taskset -c 2 /home/lilith/work/zen/zenmetrics/target/release/new-metrics-wall heap 3355x2516 vmaf

thread 'main' (2558082) panicked at benchmarks/heaptrack/drivers/cpu_profile/src/bin/new_metrics_wall.rs:239:29:
vmaf: VMAF requires matching, even dimensions >= 32
note: run with `RUST_BACKTRACE=1` environment variable to display a backtrace
heap 3355x2516/vmaf rep0: ERROR (panicked)
	Command being timed: "taskset -c 2 /home/lilith/work/zen/zenmetrics/target/release/new-metrics-wall heap 3355x2516 vmaf"
	User time (seconds): 0.02
	System time (seconds): 0.01
	Percent of CPU this job got: 100%
	Elapsed (wall clock) time (h:mm:ss or m:ss): 0:00.03
	Average shared text size (kbytes): 0
	Average unshared data size (kbytes): 0
	Average stack size (kbytes): 0
	Average total size (kbytes): 0
	Maximum resident set size (kbytes): 56532
	Average resident set size (kbytes): 0
	Major (requiring I/O) page faults: 0
	Minor (reclaiming a frame) page faults: 12925
	Voluntary context switches: 1
	Involuntary context switches: 2
	Swaps: 0
	File system inputs: 0
	File system outputs: 0
	Socket messages sent: 0
	Socket messages received: 0
	Signals delivered: 0
	Page size (bytes): 4096
	Exit status: 0
run-heavy: done rc=0 1s | peak-RSS 0.05GiB | min-avail 26476MiB | peak-load 1.39
