run-heavy: mem-cap=16G (cgroup, hard) jobs=16/20 avail=26298MiB :: env RAYON_NUM_THREADS=1 OMP_NUM_THREADS=1 /usr/bin/time -v taskset -c 2 /home/lilith/work/zen/zenmetrics/target/release/new-metrics-wall heap 3355x2516 nlpd-iqa
heap 3355x2516/nlpd-iqa rep0: 287.568 ms score=0.09799005369563485
heap 3355x2516/nlpd-iqa rep1: 289.973 ms score=0.09799005369563485
	Command being timed: "taskset -c 2 /home/lilith/work/zen/zenmetrics/target/release/new-metrics-wall heap 3355x2516 nlpd-iqa"
	User time (seconds): 0.29
	System time (seconds): 0.31
	Percent of CPU this job got: 99%
	Elapsed (wall clock) time (h:mm:ss or m:ss): 0:00.61
	Average shared text size (kbytes): 0
	Average unshared data size (kbytes): 0
	Average stack size (kbytes): 0
	Average total size (kbytes): 0
	Maximum resident set size (kbytes): 435444
	Average resident set size (kbytes): 0
	Major (requiring I/O) page faults: 0
	Minor (reclaiming a frame) page faults: 303402
	Voluntary context switches: 39
	Involuntary context switches: 339
	Swaps: 0
	File system inputs: 0
	File system outputs: 0
	Socket messages sent: 0
	Socket messages received: 0
	Signals delivered: 0
	Page size (bytes): 4096
	Exit status: 0
run-heavy: done rc=0 1s | peak-RSS 0.42GiB | min-avail 26298MiB | peak-load 2.54
