run-heavy: mem-cap=16G (cgroup, hard) jobs=16/20 avail=26300MiB :: env RAYON_NUM_THREADS=1 OMP_NUM_THREADS=1 /usr/bin/time -v taskset -c 2 /home/lilith/work/zen/zenmetrics/target/release/new-metrics-wall heap 3355x2516 psnr-y
heap 3355x2516/psnr-y rep0: 15.508 ms score=34.659660059869
heap 3355x2516/psnr-y rep1: 15.931 ms score=34.659660059869
	Command being timed: "taskset -c 2 /home/lilith/work/zen/zenmetrics/target/release/new-metrics-wall heap 3355x2516 psnr-y"
	User time (seconds): 0.06
	System time (seconds): 0.00
	Percent of CPU this job got: 98%
	Elapsed (wall clock) time (h:mm:ss or m:ss): 0:00.07
	Average shared text size (kbytes): 0
	Average unshared data size (kbytes): 0
	Average stack size (kbytes): 0
	Average total size (kbytes): 0
	Maximum resident set size (kbytes): 56220
	Average resident set size (kbytes): 0
	Major (requiring I/O) page faults: 0
	Minor (reclaiming a frame) page faults: 12918
	Voluntary context switches: 1
	Involuntary context switches: 5
	Swaps: 0
	File system inputs: 0
	File system outputs: 0
	Socket messages sent: 0
	Socket messages received: 0
	Signals delivered: 0
	Page size (bytes): 4096
	Exit status: 0
run-heavy: done rc=0 0s | peak-RSS 0.05GiB | min-avail 26300MiB | peak-load 2.98
