run-heavy: mem-cap=16G (cgroup, hard) jobs=16/20 avail=26256MiB :: env RAYON_NUM_THREADS=1 OMP_NUM_THREADS=1 /usr/bin/time -v taskset -c 2 /home/lilith/work/zen/zenmetrics/target/release/new-metrics-wall heap 3355x2516 dssim
heap 3355x2516/dssim rep0: 1388.488 ms score=0.004027672013497519
heap 3355x2516/dssim rep1: 1390.663 ms score=0.004027672013497519
	Command being timed: "taskset -c 2 /home/lilith/work/zen/zenmetrics/target/release/new-metrics-wall heap 3355x2516 dssim"
	User time (seconds): 2.11
	System time (seconds): 0.70
	Percent of CPU this job got: 99%
	Elapsed (wall clock) time (h:mm:ss or m:ss): 0:02.82
	Average shared text size (kbytes): 0
	Average unshared data size (kbytes): 0
	Average stack size (kbytes): 0
	Average total size (kbytes): 0
	Maximum resident set size (kbytes): 998472
	Average resident set size (kbytes): 0
	Major (requiring I/O) page faults: 0
	Minor (reclaiming a frame) page faults: 736819
	Voluntary context switches: 8
	Involuntary context switches: 151
	Swaps: 0
	File system inputs: 0
	File system outputs: 0
	Socket messages sent: 0
	Socket messages received: 0
	Signals delivered: 0
	Page size (bytes): 4096
	Exit status: 0
run-heavy: done rc=0 3s | peak-RSS 0.95GiB | min-avail 25885MiB | peak-load 2.98
