run-heavy: mem-cap=16G (cgroup, hard) jobs=16/20 avail=26343MiB :: env RAYON_NUM_THREADS=1 OMP_NUM_THREADS=1 /usr/bin/time -v taskset -c 2 /home/lilith/work/zen/zenmetrics/target/release/new-metrics-wall heap 3355x2516 psnr
heap 3355x2516/psnr rep0: 12.792 ms score=31.94591137932091
heap 3355x2516/psnr rep1: 12.735 ms score=31.94591137932091
	Command being timed: "taskset -c 2 /home/lilith/work/zen/zenmetrics/target/release/new-metrics-wall heap 3355x2516 psnr"
	User time (seconds): 0.05
	System time (seconds): 0.00
	Percent of CPU this job got: 96%
	Elapsed (wall clock) time (h:mm:ss or m:ss): 0:00.06
	Average shared text size (kbytes): 0
	Average unshared data size (kbytes): 0
	Average stack size (kbytes): 0
	Average total size (kbytes): 0
	Maximum resident set size (kbytes): 56044
	Average resident set size (kbytes): 0
	Major (requiring I/O) page faults: 0
	Minor (reclaiming a frame) page faults: 12921
	Voluntary context switches: 1
	Involuntary context switches: 1
	Swaps: 0
	File system inputs: 0
	File system outputs: 0
	Socket messages sent: 0
	Socket messages received: 0
	Signals delivered: 0
	Page size (bytes): 4096
	Exit status: 0
run-heavy: done rc=0 0s | peak-RSS 0.05GiB | min-avail 26343MiB | peak-load 2.98
