run-heavy: mem-cap=16G (cgroup, hard) jobs=16/20 avail=26277MiB :: env RAYON_NUM_THREADS=1 OMP_NUM_THREADS=1 /usr/bin/time -v taskset -c 2 /home/lilith/work/zen/zenmetrics/target/release/new-metrics-wall heap 3355x2516 zensim
heap 3355x2516/zensim rep0: 442.017 ms score=44.050046286044655
heap 3355x2516/zensim rep1: 440.706 ms score=44.050046286044655
	Command being timed: "taskset -c 2 /home/lilith/work/zen/zenmetrics/target/release/new-metrics-wall heap 3355x2516 zensim"
	User time (seconds): 0.82
	System time (seconds): 0.09
	Percent of CPU this job got: 99%
	Elapsed (wall clock) time (h:mm:ss or m:ss): 0:00.92
	Average shared text size (kbytes): 0
	Average unshared data size (kbytes): 0
	Average stack size (kbytes): 0
	Average total size (kbytes): 0
	Maximum resident set size (kbytes): 261336
	Average resident set size (kbytes): 0
	Major (requiring I/O) page faults: 0
	Minor (reclaiming a frame) page faults: 113400
	Voluntary context switches: 34
	Involuntary context switches: 51
	Swaps: 0
	File system inputs: 0
	File system outputs: 0
	Socket messages sent: 0
	Socket messages received: 0
	Signals delivered: 0
	Page size (bytes): 4096
	Exit status: 0
run-heavy: done rc=0 1s | peak-RSS 0.25GiB | min-avail 26277MiB | peak-load 2.82
