run-heavy: mem-cap=16G (cgroup, hard) jobs=16/20 avail=26267MiB :: env RAYON_NUM_THREADS=1 OMP_NUM_THREADS=1 /usr/bin/time -v taskset -c 2 /home/lilith/work/zen/zenmetrics/target/release/new-metrics-wall heap 3355x2516 butteraugli
heap 3355x2516/butteraugli rep0: 1396.398 ms score=11.94013500213623
heap 3355x2516/butteraugli rep1: 1388.817 ms score=11.94013500213623
	Command being timed: "taskset -c 2 /home/lilith/work/zen/zenmetrics/target/release/new-metrics-wall heap 3355x2516 butteraugli"
	User time (seconds): 1.97
	System time (seconds): 0.85
	Percent of CPU this job got: 99%
	Elapsed (wall clock) time (h:mm:ss or m:ss): 0:02.83
	Average shared text size (kbytes): 0
	Average unshared data size (kbytes): 0
	Average stack size (kbytes): 0
	Average total size (kbytes): 0
	Maximum resident set size (kbytes): 1418776
	Average resident set size (kbytes): 0
	Major (requiring I/O) page faults: 0
	Minor (reclaiming a frame) page faults: 857086
	Voluntary context switches: 5
	Involuntary context switches: 102
	Swaps: 0
	File system inputs: 0
	File system outputs: 0
	Socket messages sent: 0
	Socket messages received: 0
	Signals delivered: 0
	Page size (bytes): 4096
	Exit status: 0
run-heavy: done rc=0 3s | peak-RSS 1.35GiB | min-avail 25564MiB | peak-load 2.98
