run-heavy: mem-cap=16G (cgroup, hard) jobs=20/24 avail=24841MiB :: env RAYON_NUM_THREADS=1 OMP_NUM_THREADS=1 /usr/bin/time -v taskset -c 2 target/release/new-metrics-wall heap 3355x2516 nlpd
heap 3355x2516/nlpd rep0: 469.109 ms score=2.3730442996288796
heap 3355x2516/nlpd rep1: 467.376 ms score=2.3730442996288796
	Command being timed: "taskset -c 2 target/release/new-metrics-wall heap 3355x2516 nlpd"
	User time (seconds): 0.56
	System time (seconds): 0.41
	Percent of CPU this job got: 99%
	Elapsed (wall clock) time (h:mm:ss or m:ss): 0:00.97
	Average shared text size (kbytes): 0
	Average unshared data size (kbytes): 0
	Average stack size (kbytes): 0
	Average total size (kbytes): 0
	Maximum resident set size (kbytes): 599700
	Average resident set size (kbytes): 0
	Major (requiring I/O) page faults: 0
	Minor (reclaiming a frame) page faults: 324125
	Voluntary context switches: 1
	Involuntary context switches: 10
	Swaps: 0
	File system inputs: 0
	File system outputs: 0
	Socket messages sent: 0
	Socket messages received: 0
	Signals delivered: 0
	Page size (bytes): 4096
	Exit status: 0
run-heavy: done rc=0 1s | peak-RSS 0.57GiB | min-avail 24839MiB | peak-load 1.07
