run-heavy: mem-cap=16G (cgroup, hard) jobs=20/24 avail=24937MiB :: env RAYON_NUM_THREADS=1 OMP_NUM_THREADS=1 /usr/bin/time -v taskset -c 2 target/release/new-metrics-wall heap 3354x2516 vmaf
heap 3354x2516/vmaf rep0: 354.107 ms score=89.24107200604682
heap 3354x2516/vmaf rep1: 272.648 ms score=89.24107200604682
	Command being timed: "taskset -c 2 target/release/new-metrics-wall heap 3354x2516 vmaf"
	User time (seconds): 0.55
	System time (seconds): 0.13
	Percent of CPU this job got: 99%
	Elapsed (wall clock) time (h:mm:ss or m:ss): 0:00.68
	Average shared text size (kbytes): 0
	Average unshared data size (kbytes): 0
	Average stack size (kbytes): 0
	Average total size (kbytes): 0
	Maximum resident set size (kbytes): 382304
	Average resident set size (kbytes): 0
	Major (requiring I/O) page faults: 0
	Minor (reclaiming a frame) page faults: 108816
	Voluntary context switches: 1
	Involuntary context switches: 8
	Swaps: 0
	File system inputs: 0
	File system outputs: 0
	Socket messages sent: 0
	Socket messages received: 0
	Signals delivered: 0
	Page size (bytes): 4096
	Exit status: 0
run-heavy: done rc=0 1s | peak-RSS 0.36GiB | min-avail 24935MiB | peak-load 0.17
