run-heavy: mem-cap=16G (cgroup, hard) jobs=20/24 avail=24809MiB :: env RAYON_NUM_THREADS=1 OMP_NUM_THREADS=1 /usr/bin/time -v taskset -c 2 target/release/new-metrics-wall heap 3355x2516 zensim
heap 3355x2516/zensim rep0: 487.855 ms score=44.050046286044655
heap 3355x2516/zensim rep1: 495.446 ms score=44.050046286044655
	Command being timed: "taskset -c 2 target/release/new-metrics-wall heap 3355x2516 zensim"
	User time (seconds): 0.88
	System time (seconds): 0.15
	Percent of CPU this job got: 99%
	Elapsed (wall clock) time (h:mm:ss or m:ss): 0:01.03
	Average shared text size (kbytes): 0
	Average unshared data size (kbytes): 0
	Average stack size (kbytes): 0
	Average total size (kbytes): 0
	Maximum resident set size (kbytes): 260764
	Average resident set size (kbytes): 0
	Major (requiring I/O) page faults: 0
	Minor (reclaiming a frame) page faults: 113360
	Voluntary context switches: 33
	Involuntary context switches: 55
	Swaps: 0
	File system inputs: 0
	File system outputs: 0
	Socket messages sent: 0
	Socket messages received: 0
	Signals delivered: 0
	Page size (bytes): 4096
	Exit status: 0
run-heavy: done rc=0 1s | peak-RSS 0.25GiB | min-avail 24809MiB | peak-load 1.08
