run-heavy: mem-cap=16G (cgroup, hard) jobs=20/24 avail=24845MiB :: env RAYON_NUM_THREADS=1 OMP_NUM_THREADS=1 /usr/bin/time -v taskset -c 2 target/release/new-metrics-wall heap 3355x2516 ssim2
heap 3355x2516/ssim2 rep0: 961.574 ms score=49.697679962976444
heap 3355x2516/ssim2 rep1: 956.268 ms score=49.697679962976444
	Command being timed: "taskset -c 2 target/release/new-metrics-wall heap 3355x2516 ssim2"
	User time (seconds): 1.15
	System time (seconds): 0.80
	Percent of CPU this job got: 99%
	Elapsed (wall clock) time (h:mm:ss or m:ss): 0:01.95
	Average shared text size (kbytes): 0
	Average unshared data size (kbytes): 0
	Average stack size (kbytes): 0
	Average total size (kbytes): 0
	Maximum resident set size (kbytes): 1300060
	Average resident set size (kbytes): 0
	Major (requiring I/O) page faults: 0
	Minor (reclaiming a frame) page faults: 673952
	Voluntary context switches: 1
	Involuntary context switches: 23
	Swaps: 0
	File system inputs: 0
	File system outputs: 0
	Socket messages sent: 0
	Socket messages received: 0
	Signals delivered: 0
	Page size (bytes): 4096
	Exit status: 0
run-heavy: done rc=0 2s | peak-RSS 1.24GiB | min-avail 24845MiB | peak-load 1.00
