run-heavy: mem-cap=16G (cgroup, hard) jobs=20/24 avail=24813MiB :: env RAYON_NUM_THREADS=1 OMP_NUM_THREADS=1 /usr/bin/time -v taskset -c 2 target/release/new-metrics-wall heap 3355x2516 cvvdp
heap 3355x2516/cvvdp rep0: 1652.212 ms score=9.458388328552246
heap 3355x2516/cvvdp rep1: 1648.694 ms score=9.458388328552246
	Command being timed: "taskset -c 2 target/release/new-metrics-wall heap 3355x2516 cvvdp"
	User time (seconds): 2.01
	System time (seconds): 1.32
	Percent of CPU this job got: 99%
	Elapsed (wall clock) time (h:mm:ss or m:ss): 0:03.34
	Average shared text size (kbytes): 0
	Average unshared data size (kbytes): 0
	Average stack size (kbytes): 0
	Average total size (kbytes): 0
	Maximum resident set size (kbytes): 1803108
	Average resident set size (kbytes): 0
	Major (requiring I/O) page faults: 0
	Minor (reclaiming a frame) page faults: 1150457
	Voluntary context switches: 1
	Involuntary context switches: 45
	Swaps: 0
	File system inputs: 0
	File system outputs: 0
	Socket messages sent: 0
	Socket messages received: 0
	Signals delivered: 0
	Page size (bytes): 4096
	Exit status: 0
run-heavy: done rc=0 3s | peak-RSS 1.72GiB | min-avail 24360MiB | peak-load 1.08
