run-heavy: mem-cap=16G (cgroup, hard) jobs=20/24 avail=24824MiB :: env RAYON_NUM_THREADS=1 OMP_NUM_THREADS=1 /usr/bin/time -v taskset -c 2 target/release/new-metrics-wall heap 3355x2516 gmsd
heap 3355x2516/gmsd rep0: 16.067 ms score=0.028758917038967276
heap 3355x2516/gmsd rep1: 15.160 ms score=0.028758917038967276
	Command being timed: "taskset -c 2 target/release/new-metrics-wall heap 3355x2516 gmsd"
	User time (seconds): 0.05
	System time (seconds): 0.01
	Percent of CPU this job got: 98%
	Elapsed (wall clock) time (h:mm:ss or m:ss): 0:00.07
	Average shared text size (kbytes): 0
	Average unshared data size (kbytes): 0
	Average stack size (kbytes): 0
	Average total size (kbytes): 0
	Maximum resident set size (kbytes): 55820
	Average resident set size (kbytes): 0
	Major (requiring I/O) page faults: 0
	Minor (reclaiming a frame) page faults: 12903
	Voluntary context switches: 3
	Involuntary context switches: 6
	Swaps: 0
	File system inputs: 0
	File system outputs: 0
	Socket messages sent: 0
	Socket messages received: 0
	Signals delivered: 0
	Page size (bytes): 4096
	Exit status: 0
run-heavy: done rc=0 0s | peak-RSS 0.05GiB | min-avail 24824MiB | peak-load 1.07
