run-heavy: mem-cap=16G (cgroup, hard) jobs=20/24 avail=24842MiB :: env RAYON_NUM_THREADS=1 OMP_NUM_THREADS=1 /usr/bin/time -v taskset -c 2 target/release/new-metrics-wall heap 3355x2516 iwssim
heap 3355x2516/iwssim rep0: 895.471 ms score=0.9931595301905165
heap 3355x2516/iwssim rep1: 834.124 ms score=0.9931595301905165
	Command being timed: "taskset -c 2 target/release/new-metrics-wall heap 3355x2516 iwssim"
	User time (seconds): 1.17
	System time (seconds): 0.59
	Percent of CPU this job got: 99%
	Elapsed (wall clock) time (h:mm:ss or m:ss): 0:01.77
	Average shared text size (kbytes): 0
	Average unshared data size (kbytes): 0
	Average stack size (kbytes): 0
	Average total size (kbytes): 0
	Maximum resident set size (kbytes): 688508
	Average resident set size (kbytes): 0
	Major (requiring I/O) page faults: 0
	Minor (reclaiming a frame) page faults: 491842
	Voluntary context switches: 1
	Involuntary context switches: 20
	Swaps: 0
	File system inputs: 0
	File system outputs: 0
	Socket messages sent: 0
	Socket messages received: 0
	Signals delivered: 0
	Page size (bytes): 4096
	Exit status: 0
run-heavy: done rc=0 2s | peak-RSS 0.66GiB | min-avail 24840MiB | peak-load 1.07
