run-heavy: mem-cap=16G (cgroup, hard) jobs=20/24 avail=24810MiB :: env RAYON_NUM_THREADS=1 OMP_NUM_THREADS=1 /usr/bin/time -v taskset -c 2 target/release/new-metrics-wall heap 3355x2516 vif
heap 3355x2516/vif rep0: 1034.909 ms score=0.6628500480429461
heap 3355x2516/vif rep1: 1014.000 ms score=0.6628500480429461
	Command being timed: "taskset -c 2 target/release/new-metrics-wall heap 3355x2516 vif"
	User time (seconds): 1.10
	System time (seconds): 0.98
	Percent of CPU this job got: 100%
	Elapsed (wall clock) time (h:mm:ss or m:ss): 0:02.09
	Average shared text size (kbytes): 0
	Average unshared data size (kbytes): 0
	Average stack size (kbytes): 0
	Average total size (kbytes): 0
	Maximum resident set size (kbytes): 928744
	Average resident set size (kbytes): 0
	Major (requiring I/O) page faults: 0
	Minor (reclaiming a frame) page faults: 833002
	Voluntary context switches: 1
	Involuntary context switches: 21
	Swaps: 0
	File system inputs: 0
	File system outputs: 0
	Socket messages sent: 0
	Socket messages received: 0
	Signals delivered: 0
	Page size (bytes): 4096
	Exit status: 0
run-heavy: done rc=0 2s | peak-RSS 0.89GiB | min-avail 24607MiB | peak-load 1.06
