run-heavy: mem-cap=16G (cgroup, hard) jobs=20/24 avail=24818MiB :: env RAYON_NUM_THREADS=1 OMP_NUM_THREADS=1 /usr/bin/time -v taskset -c 2 target/release/new-metrics-wall heap 3355x2516 vifvec
heap 3355x2516/vifvec rep0: 3855.212 ms score=0.6188657659454779
heap 3355x2516/vifvec rep1: 3828.488 ms score=0.6188657659454779
	Command being timed: "taskset -c 2 target/release/new-metrics-wall heap 3355x2516 vifvec"
	User time (seconds): 7.28
	System time (seconds): 0.43
	Percent of CPU this job got: 99%
	Elapsed (wall clock) time (h:mm:ss or m:ss): 0:07.72
	Average shared text size (kbytes): 0
	Average unshared data size (kbytes): 0
	Average stack size (kbytes): 0
	Average total size (kbytes): 0
	Maximum resident set size (kbytes): 582440
	Average resident set size (kbytes): 0
	Major (requiring I/O) page faults: 0
	Minor (reclaiming a frame) page faults: 333571
	Voluntary context switches: 1
	Involuntary context switches: 94
	Swaps: 0
	File system inputs: 0
	File system outputs: 0
	Socket messages sent: 0
	Socket messages received: 0
	Signals delivered: 0
	Page size (bytes): 4096
	Exit status: 0
run-heavy: done rc=0 8s | peak-RSS 0.56GiB | min-avail 24388MiB | peak-load 1.06
