run-heavy: mem-cap=16G (cgroup, hard) jobs=20/24 avail=24803MiB :: env RAYON_NUM_THREADS=1 OMP_NUM_THREADS=1 /usr/bin/time -v taskset -c 2 target/release/new-metrics-wall heap 3355x2516 dssim
heap 3355x2516/dssim rep0: 1872.251 ms score=0.004027672013497519
heap 3355x2516/dssim rep1: 1749.391 ms score=0.004027672013497519
	Command being timed: "taskset -c 2 target/release/new-metrics-wall heap 3355x2516 dssim"
	User time (seconds): 2.80
	System time (seconds): 0.86
	Percent of CPU this job got: 99%
	Elapsed (wall clock) time (h:mm:ss or m:ss): 0:03.67
	Average shared text size (kbytes): 0
	Average unshared data size (kbytes): 0
	Average stack size (kbytes): 0
	Average total size (kbytes): 0
	Maximum resident set size (kbytes): 998032
	Average resident set size (kbytes): 0
	Major (requiring I/O) page faults: 0
	Minor (reclaiming a frame) page faults: 736782
	Voluntary context switches: 12
	Involuntary context switches: 188
	Swaps: 0
	File system inputs: 0
	File system outputs: 0
	Socket messages sent: 0
	Socket messages received: 0
	Signals delivered: 0
	Page size (bytes): 4096
	Exit status: 0
run-heavy: done rc=0 4s | peak-RSS 0.95GiB | min-avail 24702MiB | peak-load 1.08
