run-heavy: mem-cap=16G (cgroup, hard) jobs=20/24 avail=24854MiB :: env RAYON_NUM_THREADS=1 OMP_NUM_THREADS=1 /usr/bin/time -v taskset -c 2 target/release/new-metrics-wall heap 3355x2516 mad
heap 3355x2516/mad rep0: 59679.900 ms score=18.613801284574702
heap 3355x2516/mad rep1: 59680.129 ms score=18.613801284574702
	Command being timed: "taskset -c 2 target/release/new-metrics-wall heap 3355x2516 mad"
	User time (seconds): 113.85
	System time (seconds): 5.53
	Percent of CPU this job got: 99%
	Elapsed (wall clock) time (h:mm:ss or m:ss): 1:59.40
	Average shared text size (kbytes): 0
	Average unshared data size (kbytes): 0
	Average stack size (kbytes): 0
	Average total size (kbytes): 0
	Maximum resident set size (kbytes): 1340456
	Average resident set size (kbytes): 0
	Major (requiring I/O) page faults: 0
	Minor (reclaiming a frame) page faults: 4662306
	Voluntary context switches: 1
	Involuntary context switches: 1371
	Swaps: 0
	File system inputs: 0
	File system outputs: 16
	Socket messages sent: 0
	Socket messages received: 0
	Signals delivered: 0
	Page size (bytes): 4096
	Exit status: 0
run-heavy: done rc=0 120s | peak-RSS 1.28GiB | min-avail 23673MiB | peak-load 1.10
