run-heavy: mem-cap=16G (cgroup, hard) jobs=20/24 avail=24822MiB :: env RAYON_NUM_THREADS=1 OMP_NUM_THREADS=1 /usr/bin/time -v taskset -c 2 target/release/new-metrics-wall heap 3355x2516 mdsi
heap 3355x2516/mdsi rep0: 7.796 ms score=0.14145374639072852
heap 3355x2516/mdsi rep1: 6.919 ms score=0.14145374639072852
	Command being timed: "taskset -c 2 target/release/new-metrics-wall heap 3355x2516 mdsi"
	User time (seconds): 0.03
	System time (seconds): 0.01
	Percent of CPU this job got: 96%
	Elapsed (wall clock) time (h:mm:ss or m:ss): 0:00.05
	Average shared text size (kbytes): 0
	Average unshared data size (kbytes): 0
	Average stack size (kbytes): 0
	Average total size (kbytes): 0
	Maximum resident set size (kbytes): 63536
	Average resident set size (kbytes): 0
	Major (requiring I/O) page faults: 0
	Minor (reclaiming a frame) page faults: 16449
	Voluntary context switches: 15
	Involuntary context switches: 16
	Swaps: 0
	File system inputs: 0
	File system outputs: 0
	Socket messages sent: 0
	Socket messages received: 0
	Signals delivered: 0
	Page size (bytes): 4096
	Exit status: 0
run-heavy: done rc=0 0s | peak-RSS 0.06GiB | min-avail 24821MiB | peak-load 1.07
