run-heavy: mem-cap=16G (cgroup, hard) jobs=20/24 avail=24821MiB :: env RAYON_NUM_THREADS=1 OMP_NUM_THREADS=1 /usr/bin/time -v taskset -c 2 target/release/new-metrics-wall heap 3355x2516 msssim-libvmaf
heap 3355x2516/msssim-libvmaf rep0: 927.421 ms score=0.9958854526892542
heap 3355x2516/msssim-libvmaf rep1: 914.804 ms score=0.9958854526892542
	Command being timed: "taskset -c 2 target/release/new-metrics-wall heap 3355x2516 msssim-libvmaf"
	User time (seconds): 1.46
	System time (seconds): 0.41
	Percent of CPU this job got: 99%
	Elapsed (wall clock) time (h:mm:ss or m:ss): 0:01.88
	Average shared text size (kbytes): 0
	Average unshared data size (kbytes): 0
	Average stack size (kbytes): 0
	Average total size (kbytes): 0
	Maximum resident set size (kbytes): 487656
	Average resident set size (kbytes): 0
	Major (requiring I/O) page faults: 0
	Minor (reclaiming a frame) page faults: 327670
	Voluntary context switches: 1
	Involuntary context switches: 24
	Swaps: 0
	File system inputs: 0
	File system outputs: 0
	Socket messages sent: 0
	Socket messages received: 0
	Signals delivered: 0
	Page size (bytes): 4096
	Exit status: 0
run-heavy: done rc=0 2s | peak-RSS 0.47GiB | min-avail 24820MiB | peak-load 1.06
