run-heavy: mem-cap=16G (cgroup, hard) jobs=20/24 avail=24840MiB :: env RAYON_NUM_THREADS=1 OMP_NUM_THREADS=1 /usr/bin/time -v taskset -c 2 target/release/new-metrics-wall heap 3355x2516 haarpsi
heap 3355x2516/haarpsi rep0: 167.846 ms score=0.9038334522161161
heap 3355x2516/haarpsi rep1: 165.269 ms score=0.9038334522161161
	Command being timed: "taskset -c 2 target/release/new-metrics-wall heap 3355x2516 haarpsi"
	User time (seconds): 0.27
	System time (seconds): 0.09
	Percent of CPU this job got: 100%
	Elapsed (wall clock) time (h:mm:ss or m:ss): 0:00.37
	Average shared text size (kbytes): 0
	Average unshared data size (kbytes): 0
	Average stack size (kbytes): 0
	Average total size (kbytes): 0
	Maximum resident set size (kbytes): 189224
	Average resident set size (kbytes): 0
	Major (requiring I/O) page faults: 0
	Minor (reclaiming a frame) page faults: 79668
	Voluntary context switches: 1
	Involuntary context switches: 5
	Swaps: 0
	File system inputs: 0
	File system outputs: 0
	Socket messages sent: 0
	Socket messages received: 0
	Signals delivered: 0
	Page size (bytes): 4096
	Exit status: 0
run-heavy: done rc=0 0s | peak-RSS 0.18GiB | min-avail 24839MiB | peak-load 1.06
